  Project 2.cpp
<<<<<<< HEAD
E:\projects\c++ course\10-OOP Concepts\Project 2\Project 2\clsString.h(46,25): warning C4267: 'return': conversion from 'size_t' to 'short', possible loss of data
  (compiling source file 'Project%202.cpp')
  
E:\projects\c++ course\10-OOP Concepts\Project 2\Project 2\clsString.h(106,33): warning C4267: '=': conversion from 'size_t' to 'short', possible loss of data
  (compiling source file 'Project%202.cpp')
  
E:\projects\c++ course\10-OOP Concepts\Project 2\Project 2\clsString.h(275,17): warning C4267: 'initializing': conversion from 'size_t' to 'int', possible loss of data
  (compiling source file 'Project%202.cpp')
  
E:\projects\c++ course\10-OOP Concepts\Project 2\Project 2\clsString.h(322,17): warning C4267: 'initializing': conversion from 'size_t' to 'int', possible loss of data
  (compiling source file 'Project%202.cpp')
  
E:\projects\c++ course\10-OOP Concepts\Project 2\Project 2\clsString.h(336,37): warning C4267: '=': conversion from 'size_t' to 'short', possible loss of data
  (compiling source file 'Project%202.cpp')
  
E:\projects\c++ course\10-OOP Concepts\Project 2\Project 2\clsString.h(278,1): warning C4715: 'clsString::TrimRight': not all control paths return a value
E:\projects\c++ course\10-OOP Concepts\Project 2\Project 2\clsString.h(272,1): warning C4715: 'clsString::TrimLeft': not all control paths return a value
=======
E:\projects\c++ course\10-OOP Concepts\Project 2\Project 2\clsString.h(47,25): warning C4267: 'return': conversion from 'size_t' to 'short', possible loss of data
  (compiling source file 'Project%202.cpp')
  
E:\projects\c++ course\10-OOP Concepts\Project 2\Project 2\clsString.h(107,33): warning C4267: '=': conversion from 'size_t' to 'short', possible loss of data
  (compiling source file 'Project%202.cpp')
  
E:\projects\c++ course\10-OOP Concepts\Project 2\Project 2\clsString.h(281,20): warning C4267: 'initializing': conversion from 'size_t' to 'int', possible loss of data
  (compiling source file 'Project%202.cpp')
  
E:\projects\c++ course\10-OOP Concepts\Project 2\Project 2\clsString.h(315,20): warning C4267: 'initializing': conversion from 'size_t' to 'int', possible loss of data
  (compiling source file 'Project%202.cpp')
  
E:\projects\c++ course\10-OOP Concepts\Project 2\Project 2\clsString.h(330,36): warning C4267: '=': conversion from 'size_t' to 'short', possible loss of data
  (compiling source file 'Project%202.cpp')
  
>>>>>>> 22b24eb (Auto commit: 2026-01-20 19:23:55)
  Project 2.vcxproj -> E:\projects\c++ course\10-OOP Concepts\Project 2\Project 2\x64\Debug\Project 2.exe
